Archive member included because of file (symbol)

c:/winavr-20100110/bin/../lib/gcc/avr/4.3.3/avr5\libgcc.a(_exit.o)
                              c:/winavr-20100110/bin/../lib/gcc/avr/4.3.3/../../../../avr/lib/avr5/crtm32.o (exit)
c:/winavr-20100110/bin/../lib/gcc/avr/4.3.3/avr5\libgcc.a(_copy_data.o)
                              ./DIO.o (__do_copy_data)
c:/winavr-20100110/bin/../lib/gcc/avr/4.3.3/avr5\libgcc.a(_clear_bss.o)
                              ./URT.o (__do_clear_bss)
c:/winavr-20100110/bin/../lib/gcc/avr/4.3.3/avr5\libgcc.a(_lshrdi3.o)
                              ./CFG_PAR.o (__lshrdi3)
c:/winavr-20100110/bin/../lib/gcc/avr/4.3.3/avr5\libgcc.a(_ashldi3.o)
                              ./CFG_PAR.o (__ashldi3)

Memory Configuration

Name             Origin             Length             Attributes
text             0x00000000         0x00020000         xr
data             0x00800060         0x0000ffa0         rw !x
eeprom           0x00810000         0x00010000         rw !x
fuse             0x00820000         0x00000400         rw !x
lock             0x00830000         0x00000400         rw !x
signature        0x00840000         0x00000400         rw !x
*default*        0x00000000         0xffffffff

Linker script and memory map

LOAD c:/winavr-20100110/bin/../lib/gcc/avr/4.3.3/../../../../avr/lib/avr5/crtm32.o
LOAD ./CFG_PAR.o
LOAD ./DIO.o
LOAD ./DIO_CFG.o
LOAD ./FLASH_DATA.o
LOAD ./REQ.o
LOAD ./UDS.o
LOAD ./URT.o
LOAD ./WDT.o
LOAD ./main.o
LOAD c:/winavr-20100110/bin/../lib/gcc/avr/4.3.3/avr5\libgcc.a
LOAD c:/winavr-20100110/bin/../lib/gcc/avr/4.3.3/../../../../avr/lib/avr5\libc.a
LOAD c:/winavr-20100110/bin/../lib/gcc/avr/4.3.3/avr5\libgcc.a

.hash
 *(.hash)

.dynsym
 *(.dynsym)

.dynstr
 *(.dynstr)

.gnu.version
 *(.gnu.version)

.gnu.version_d
 *(.gnu.version_d)

.gnu.version_r
 *(.gnu.version_r)

.rel.init
 *(.rel.init)

.rela.init
 *(.rela.init)

.rel.text
 *(.rel.text)
 *(.rel.text.*)
 *(.rel.gnu.linkonce.t*)

.rela.text
 *(.rela.text)
 *(.rela.text.*)
 *(.rela.gnu.linkonce.t*)

.rel.fini
 *(.rel.fini)

.rela.fini
 *(.rela.fini)

.rel.rodata
 *(.rel.rodata)
 *(.rel.rodata.*)
 *(.rel.gnu.linkonce.r*)

.rela.rodata
 *(.rela.rodata)
 *(.rela.rodata.*)
 *(.rela.gnu.linkonce.r*)

.rel.data
 *(.rel.data)
 *(.rel.data.*)
 *(.rel.gnu.linkonce.d*)

.rela.data
 *(.rela.data)
 *(.rela.data.*)
 *(.rela.gnu.linkonce.d*)

.rel.ctors
 *(.rel.ctors)

.rela.ctors
 *(.rela.ctors)

.rel.dtors
 *(.rel.dtors)

.rela.dtors
 *(.rela.dtors)

.rel.got
 *(.rel.got)

.rela.got
 *(.rela.got)

.rel.bss
 *(.rel.bss)

.rela.bss
 *(.rela.bss)

.rel.plt
 *(.rel.plt)

.rela.plt
 *(.rela.plt)

.text           0x00000000      0x818
 *(.vectors)
 .vectors       0x00000000       0x54 c:/winavr-20100110/bin/../lib/gcc/avr/4.3.3/../../../../avr/lib/avr5/crtm32.o
                0x00000000                __vectors
                0x00000000                __vector_default
 *(.vectors)
 *(.progmem.gcc*)
 *(.progmem*)
                0x00000054                . = ALIGN (0x2)
                0x00000054                __trampolines_start = .
 *(.trampolines)
 .trampolines   0x00000054        0x0 linker stubs
 *(.trampolines*)
                0x00000054                __trampolines_end = .
 *(.jumptables)
 *(.jumptables*)
 *(.lowtext)
 *(.lowtext*)
                0x00000054                __ctors_start = .
 *(.ctors)
                0x00000054                __ctors_end = .
                0x00000054                __dtors_start = .
 *(.dtors)
                0x00000054                __dtors_end = .
 SORT(*)(.ctors)
 SORT(*)(.dtors)
 *(.init0)
 .init0         0x00000054        0x0 c:/winavr-20100110/bin/../lib/gcc/avr/4.3.3/../../../../avr/lib/avr5/crtm32.o
                0x00000054                __init
 *(.init0)
 *(.init1)
 *(.init1)
 *(.init2)
 .init2         0x00000054        0xc c:/winavr-20100110/bin/../lib/gcc/avr/4.3.3/../../../../avr/lib/avr5/crtm32.o
 *(.init2)
 *(.init3)
 *(.init3)
 *(.init4)
 .init4         0x00000060       0x16 c:/winavr-20100110/bin/../lib/gcc/avr/4.3.3/avr5\libgcc.a(_copy_data.o)
                0x00000060                __do_copy_data
 .init4         0x00000076       0x10 c:/winavr-20100110/bin/../lib/gcc/avr/4.3.3/avr5\libgcc.a(_clear_bss.o)
                0x00000076                __do_clear_bss
 *(.init4)
 *(.init5)
 *(.init5)
 *(.init6)
 *(.init6)
 *(.init7)
 *(.init7)
 *(.init8)
 *(.init8)
 *(.init9)
 .init9         0x00000086        0x8 c:/winavr-20100110/bin/../lib/gcc/avr/4.3.3/../../../../avr/lib/avr5/crtm32.o
 *(.init9)
 *(.text)
 .text          0x0000008e        0x4 c:/winavr-20100110/bin/../lib/gcc/avr/4.3.3/../../../../avr/lib/avr5/crtm32.o
                0x0000008e                __vector_1
                0x0000008e                __vector_12
                0x0000008e                __bad_interrupt
                0x0000008e                __vector_6
                0x0000008e                __vector_3
                0x0000008e                __vector_11
                0x0000008e                __vector_17
                0x0000008e                __vector_19
                0x0000008e                __vector_7
                0x0000008e                __vector_5
                0x0000008e                __vector_4
                0x0000008e                __vector_9
                0x0000008e                __vector_2
                0x0000008e                __vector_8
                0x0000008e                __vector_14
                0x0000008e                __vector_10
                0x0000008e                __vector_16
                0x0000008e                __vector_18
                0x0000008e                __vector_20
 .text          0x00000092        0x0 ./CFG_PAR.o
 .text          0x00000092        0x0 ./DIO.o
 .text          0x00000092        0x0 ./DIO_CFG.o
 .text          0x00000092        0x0 ./FLASH_DATA.o
 .text          0x00000092        0x0 ./REQ.o
 .text          0x00000092        0x0 ./UDS.o
 .text          0x00000092        0x0 ./URT.o
 .text          0x00000092        0x0 ./WDT.o
 .text          0x00000092        0x0 ./main.o
 .text          0x00000092        0x0 c:/winavr-20100110/bin/../lib/gcc/avr/4.3.3/avr5\libgcc.a(_exit.o)
 .text          0x00000092        0x0 c:/winavr-20100110/bin/../lib/gcc/avr/4.3.3/avr5\libgcc.a(_copy_data.o)
 .text          0x00000092        0x0 c:/winavr-20100110/bin/../lib/gcc/avr/4.3.3/avr5\libgcc.a(_clear_bss.o)
 .text          0x00000092       0xfe c:/winavr-20100110/bin/../lib/gcc/avr/4.3.3/avr5\libgcc.a(_lshrdi3.o)
                0x00000092                __lshrdi3
 .text          0x00000190       0xfe c:/winavr-20100110/bin/../lib/gcc/avr/4.3.3/avr5\libgcc.a(_ashldi3.o)
                0x00000190                __ashldi3
                0x0000028e                . = ALIGN (0x2)
 *(.text.*)
 .text.Fees_Write
                0x0000028e       0x1e ./CFG_PAR.o
                0x0000028e                Fees_Write
 .text.Balance_Write
                0x000002ac       0x92 ./CFG_PAR.o
                0x000002ac                Balance_Write
 .text.Fees_Read
                0x0000033e       0x2c ./CFG_PAR.o
                0x0000033e                Fees_Read
 .text.Balance_Read
                0x0000036a       0xb8 ./CFG_PAR.o
                0x0000036a                Balance_Read
 .text.DIO_WRITE_PIN_VALUE
                0x00000422       0x64 ./DIO.o
                0x00000422                DIO_WRITE_PIN_VALUE
 .text.DIO_INIT
                0x00000486       0xe2 ./DIO.o
                0x00000486                DIO_INIT
 .text.DIO_READ_PIN_VALUE
                0x00000568       0x2e ./DIO.o
                0x00000568                DIO_READ_PIN_VALUE
 .text.DIO_WRITE_PORT
                0x00000596       0x16 ./DIO.o
                0x00000596                DIO_WRITE_PORT
 .text.DIO_Read_PORT
                0x000005ac       0x16 ./DIO.o
                0x000005ac                DIO_Read_PORT
 .text.FLASH_Data_Write
                0x000005c2       0x10 ./FLASH_DATA.o
                0x000005c2                FLASH_Data_Write
 .text.FLASH_Data_Read
                0x000005d2        0xe ./FLASH_DATA.o
                0x000005d2                FLASH_Data_Read
 .text.REQ_Init
                0x000005e0        0xe ./REQ.o
                0x000005e0                REQ_Init
 .text.REQ_Update
                0x000005ee       0x16 ./REQ.o
 .text.REQ_Handler
                0x00000604       0x26 ./REQ.o
                0x00000604                REQ_Handler
 .text.UDS_Read_Request
                0x0000062a       0x3a ./UDS.o
                0x0000062a                UDS_Read_Request
 .text.UDS_Write_Request
                0x00000664       0x4c ./UDS.o
                0x00000664                UDS_Write_Request
 .text.URT_Init
                0x000006b0       0x1c ./URT.o
                0x000006b0                URT_Init
 .text.URT_Rx_Byte
                0x000006cc        0x4 ./URT.o
                0x000006cc                URT_Rx_Byte
 .text.Str_Cmp  0x000006d0       0x1e ./URT.o
                0x000006d0                Str_Cmp
 .text.__vector_13
                0x000006ee       0x52 ./URT.o
                0x000006ee                __vector_13
 .text.__vector_15
                0x00000740       0x14 ./URT.o
                0x00000740                __vector_15
 .text.WDT_Enable
                0x00000754        0x8 ./WDT.o
                0x00000754                WDT_Enable
 .text.WDT_Priode
                0x0000075c        0xe ./WDT.o
                0x0000075c                WDT_Priode
 .text.WDT_Refresh
                0x0000076a        0x4 ./WDT.o
                0x0000076a                WDT_Refresh
 .text.WDT_Disable
                0x0000076e       0x14 ./WDT.o
                0x0000076e                WDT_Disable
 .text.WDT_Qinit
                0x00000782       0x14 ./WDT.o
                0x00000782                WDT_Qinit
 .text.main     0x00000796       0x7e ./main.o
                0x00000796                main
 .text.libgcc   0x00000814        0x0 c:/winavr-20100110/bin/../lib/gcc/avr/4.3.3/avr5\libgcc.a(_exit.o)
 .text.libgcc   0x00000814        0x0 c:/winavr-20100110/bin/../lib/gcc/avr/4.3.3/avr5\libgcc.a(_copy_data.o)
 .text.libgcc   0x00000814        0x0 c:/winavr-20100110/bin/../lib/gcc/avr/4.3.3/avr5\libgcc.a(_clear_bss.o)
                0x00000814                . = ALIGN (0x2)
 *(.fini9)
 .fini9         0x00000814        0x0 c:/winavr-20100110/bin/../lib/gcc/avr/4.3.3/avr5\libgcc.a(_exit.o)
                0x00000814                exit
                0x00000814                _exit
 *(.fini9)
 *(.fini8)
 *(.fini8)
 *(.fini7)
 *(.fini7)
 *(.fini6)
 *(.fini6)
 *(.fini5)
 *(.fini5)
 *(.fini4)
 *(.fini4)
 *(.fini3)
 *(.fini3)
 *(.fini2)
 *(.fini2)
 *(.fini1)
 *(.fini1)
 *(.fini0)
 .fini0         0x00000814        0x4 c:/winavr-20100110/bin/../lib/gcc/avr/4.3.3/avr5\libgcc.a(_exit.o)
 *(.fini0)
                0x00000818                _etext = .

.data           0x00800060       0x48 load address 0x00000818
                0x00800060                PROVIDE (__data_start, .)
 *(.data)
 .data          0x00800060        0x0 c:/winavr-20100110/bin/../lib/gcc/avr/4.3.3/../../../../avr/lib/avr5/crtm32.o
 .data          0x00800060        0x0 ./CFG_PAR.o
 .data          0x00800060        0x0 ./DIO.o
 .data          0x00800060        0x0 ./DIO_CFG.o
 .data          0x00800060        0x0 ./FLASH_DATA.o
 .data          0x00800060        0x0 ./REQ.o
 .data          0x00800060        0x0 ./UDS.o
 .data          0x00800060        0x0 ./URT.o
 .data          0x00800060        0x0 ./WDT.o
 .data          0x00800060        0x0 ./main.o
 .data          0x00800060        0x0 c:/winavr-20100110/bin/../lib/gcc/avr/4.3.3/avr5\libgcc.a(_exit.o)
 .data          0x00800060        0x0 c:/winavr-20100110/bin/../lib/gcc/avr/4.3.3/avr5\libgcc.a(_copy_data.o)
 .data          0x00800060        0x0 c:/winavr-20100110/bin/../lib/gcc/avr/4.3.3/avr5\libgcc.a(_clear_bss.o)
 .data          0x00800060        0x0 c:/winavr-20100110/bin/../lib/gcc/avr/4.3.3/avr5\libgcc.a(_lshrdi3.o)
 .data          0x00800060        0x0 c:/winavr-20100110/bin/../lib/gcc/avr/4.3.3/avr5\libgcc.a(_ashldi3.o)
 *(.data*)
 .data.Pin_Direction
                0x00800060       0x20 ./DIO_CFG.o
                0x00800060                Pin_Direction
 *(.rodata)
 *(.rodata*)
 .rodata.Reg.1344
                0x00800080        0x8 ./DIO.o
 .rodata.Reg.1338
                0x00800088        0x8 ./DIO.o
 .rodata.Reg.1321
                0x00800090        0x8 ./DIO.o
 .rodata.Reg.1296
                0x00800098        0x8 ./DIO.o
 .rodata.Reg.1262
                0x008000a0        0x8 ./DIO.o
 *(.gnu.linkonce.d*)
                0x008000a8                . = ALIGN (0x2)
                0x008000a8                _edata = .
                0x008000a8                PROVIDE (__data_end, .)

.bss            0x008000a8        0x2
                0x008000a8                PROVIDE (__bss_start, .)
 *(.bss)
 .bss           0x008000a8        0x0 c:/winavr-20100110/bin/../lib/gcc/avr/4.3.3/../../../../avr/lib/avr5/crtm32.o
 .bss           0x008000a8        0x0 ./CFG_PAR.o
 .bss           0x008000a8        0x0 ./DIO.o
 .bss           0x008000a8        0x0 ./DIO_CFG.o
 .bss           0x008000a8        0x0 ./FLASH_DATA.o
 .bss           0x008000a8        0x0 ./REQ.o
 .bss           0x008000a8        0x0 ./UDS.o
 .bss           0x008000a8        0x0 ./URT.o
 .bss           0x008000a8        0x0 ./WDT.o
 .bss           0x008000a8        0x0 ./main.o
 .bss           0x008000a8        0x0 c:/winavr-20100110/bin/../lib/gcc/avr/4.3.3/avr5\libgcc.a(_exit.o)
 .bss           0x008000a8        0x0 c:/winavr-20100110/bin/../lib/gcc/avr/4.3.3/avr5\libgcc.a(_copy_data.o)
 .bss           0x008000a8        0x0 c:/winavr-20100110/bin/../lib/gcc/avr/4.3.3/avr5\libgcc.a(_clear_bss.o)
 .bss           0x008000a8        0x0 c:/winavr-20100110/bin/../lib/gcc/avr/4.3.3/avr5\libgcc.a(_lshrdi3.o)
 .bss           0x008000a8        0x0 c:/winavr-20100110/bin/../lib/gcc/avr/4.3.3/avr5\libgcc.a(_ashldi3.o)
 *(.bss*)
 .bss.UART_ISR_PTR
                0x008000a8        0x2 ./URT.o
                0x008000a8                UART_ISR_PTR
 *(COMMON)
                0x008000aa                PROVIDE (__bss_end, .)
                0x00000818                __data_load_start = LOADADDR (.data)
                0x00000860                __data_load_end = (__data_load_start + SIZEOF (.data))

.noinit         0x008000aa        0x0
                0x008000aa                PROVIDE (__noinit_start, .)
 *(.noinit*)
                0x008000aa                PROVIDE (__noinit_end, .)
                0x008000aa                _end = .
                0x008000aa                PROVIDE (__heap_start, .)

.eeprom         0x00810000        0x0
 *(.eeprom*)
                0x00810000                __eeprom_end = .

.fuse
 *(.fuse)
 *(.lfuse)
 *(.hfuse)
 *(.efuse)

.lock
 *(.lock*)

.signature
 *(.signature*)

.stab           0x00000000     0x1cec
 *(.stab)
 .stab          0x00000000      0x840 ./CFG_PAR.o
 .stab          0x00000840      0x42c ./DIO.o
                                0x4e0 (size before relaxing)
 .stab          0x00000c6c       0xfc ./DIO_CFG.o
                                0x21c (size before relaxing)
 .stab          0x00000d68      0x1bc ./FLASH_DATA.o
                                0x270 (size before relaxing)
 .stab          0x00000f24      0x228 ./REQ.o
                                0x33c (size before relaxing)
 .stab          0x0000114c      0x324 ./UDS.o
                                0x5c4 (size before relaxing)
 .stab          0x00001470      0x2a0 ./URT.o
                                0x390 (size before relaxing)
 .stab          0x00001710      0x228 ./WDT.o
                                0x300 (size before relaxing)
 .stab          0x00001938      0x3b4 ./main.o
                                0x69c (size before relaxing)

.stabstr        0x00000000     0x107c
 *(.stabstr)
 .stabstr       0x00000000     0x107c ./CFG_PAR.o

.stab.excl
 *(.stab.excl)

.stab.exclstr
 *(.stab.exclstr)

.stab.index
 *(.stab.index)

.stab.indexstr
 *(.stab.indexstr)

.comment
 *(.comment)

.debug
 *(.debug)

.line
 *(.line)

.debug_srcinfo
 *(.debug_srcinfo)

.debug_sfnames
 *(.debug_sfnames)

.debug_aranges  0x00000000       0x40
 *(.debug_aranges)
 .debug_aranges
                0x00000000       0x20 c:/winavr-20100110/bin/../lib/gcc/avr/4.3.3/avr5\libgcc.a(_lshrdi3.o)
 .debug_aranges
                0x00000020       0x20 c:/winavr-20100110/bin/../lib/gcc/avr/4.3.3/avr5\libgcc.a(_ashldi3.o)

.debug_pubnames
                0x00000000       0x40
 *(.debug_pubnames)
 .debug_pubnames
                0x00000000       0x20 c:/winavr-20100110/bin/../lib/gcc/avr/4.3.3/avr5\libgcc.a(_lshrdi3.o)
 .debug_pubnames
                0x00000020       0x20 c:/winavr-20100110/bin/../lib/gcc/avr/4.3.3/avr5\libgcc.a(_ashldi3.o)

.debug_info     0x00000000      0x2fe
 *(.debug_info)
 .debug_info    0x00000000      0x17f c:/winavr-20100110/bin/../lib/gcc/avr/4.3.3/avr5\libgcc.a(_lshrdi3.o)
 .debug_info    0x0000017f      0x17f c:/winavr-20100110/bin/../lib/gcc/avr/4.3.3/avr5\libgcc.a(_ashldi3.o)
 *(.gnu.linkonce.wi.*)

.debug_abbrev   0x00000000      0x1dc
 *(.debug_abbrev)
 .debug_abbrev  0x00000000       0xee c:/winavr-20100110/bin/../lib/gcc/avr/4.3.3/avr5\libgcc.a(_lshrdi3.o)
 .debug_abbrev  0x000000ee       0xee c:/winavr-20100110/bin/../lib/gcc/avr/4.3.3/avr5\libgcc.a(_ashldi3.o)

.debug_line     0x00000000      0x1ae
 *(.debug_line)
 .debug_line    0x00000000       0xd7 c:/winavr-20100110/bin/../lib/gcc/avr/4.3.3/avr5\libgcc.a(_lshrdi3.o)
 .debug_line    0x000000d7       0xd7 c:/winavr-20100110/bin/../lib/gcc/avr/4.3.3/avr5\libgcc.a(_ashldi3.o)

.debug_frame    0x00000000       0x40
 *(.debug_frame)
 .debug_frame   0x00000000       0x20 c:/winavr-20100110/bin/../lib/gcc/avr/4.3.3/avr5\libgcc.a(_lshrdi3.o)
 .debug_frame   0x00000020       0x20 c:/winavr-20100110/bin/../lib/gcc/avr/4.3.3/avr5\libgcc.a(_ashldi3.o)

.debug_str      0x00000000       0xf5
 *(.debug_str)
 .debug_str     0x00000000       0xeb c:/winavr-20100110/bin/../lib/gcc/avr/4.3.3/avr5\libgcc.a(_lshrdi3.o)
                                0x131 (size before relaxing)
 .debug_str     0x000000eb        0xa c:/winavr-20100110/bin/../lib/gcc/avr/4.3.3/avr5\libgcc.a(_ashldi3.o)
                                0x131 (size before relaxing)

.debug_loc      0x00000000      0x1f0
 *(.debug_loc)
 .debug_loc     0x00000000       0xf8 c:/winavr-20100110/bin/../lib/gcc/avr/4.3.3/avr5\libgcc.a(_lshrdi3.o)
 .debug_loc     0x000000f8       0xf8 c:/winavr-20100110/bin/../lib/gcc/avr/4.3.3/avr5\libgcc.a(_ashldi3.o)

.debug_macinfo
 *(.debug_macinfo)
OUTPUT(ElectricMeterAppVersion2.elf elf32-avr)
LOAD linker stubs
